2025-11-27 11:54:49-ArithmaticApp-DEBUG-Adding 5 and 3 to get 8
2025-11-27 11:54:49-ArithmaticApp-DEBUG-Dividing 10 by 1 to get 10.0
2025-11-27 11:56:18-ArithmaticApp-DEBUG-Adding 5 and 3 to get 8
2025-11-27 11:56:18-ArithmaticApp-DEBUG-Dividing 10 by 1 to get 10.0
2025-11-27 11:56:24-ArithmaticApp-DEBUG-Adding 5 and 3 to get 8
2025-11-27 11:56:24-ArithmaticApp-DEBUG-Dividing 10 by 1 to get 10.0
2025-11-27 11:56:24-ArithmaticApp-DEBUG-Multiplying 4 and 2 to get 8
2025-11-27 11:56:24-ArithmaticApp-ERROR-Error in subtraction: Result is negative
2025-11-27 11:57:20-ArithmaticApp-DEBUG-Adding 5 and 3 to get 8
2025-11-27 11:57:20-ArithmaticApp-DEBUG-Dividing 10 by 1 to get 10.0
2025-11-27 11:57:20-ArithmaticApp-DEBUG-Multiplying 4 and 2 to get 8
2025-11-27 11:57:20-ArithmaticApp-ERROR-Error in subtraction: Result is negative
2025-11-27 15:58:58-ArithmaticApp-DEBUG-Adding 5 and 3 to get 8
2025-11-27 15:58:58-ArithmaticApp-DEBUG-Dividing 10 by 1 to get 10.0
2025-11-27 15:58:58-ArithmaticApp-DEBUG-Multiplying 4 and 2 to get 8
2025-11-27 15:58:58-ArithmaticApp-ERROR-Error in subtraction: Result is negative
2025-11-27 15:59:00-ArithmaticApp-DEBUG-Adding 5 and 3 to get 8
2025-11-27 15:59:00-ArithmaticApp-DEBUG-Dividing 10 by 1 to get 10.0
2025-11-27 15:59:00-ArithmaticApp-DEBUG-Multiplying 4 and 2 to get 8
2025-11-27 15:59:00-ArithmaticApp-ERROR-Error in subtraction: Result is negative
2025-11-27 15:59:01-ArithmaticApp-DEBUG-Adding 5 and 3 to get 8
2025-11-27 15:59:01-ArithmaticApp-DEBUG-Dividing 10 by 1 to get 10.0
2025-11-27 15:59:01-ArithmaticApp-DEBUG-Multiplying 4 and 2 to get 8
2025-11-27 15:59:01-ArithmaticApp-ERROR-Error in subtraction: Result is negative
2025-11-27 15:59:49-ArithmaticApp-DEBUG-Adding 5 and 3 to get 8
2025-11-27 15:59:49-ArithmaticApp-DEBUG-Dividing 10 by 1 to get 10.0
2025-11-27 15:59:49-ArithmaticApp-DEBUG-Multiplying 4 and 2 to get 8
2025-11-27 15:59:49-ArithmaticApp-ERROR-Error in subtraction: Result is negative
2025-11-27 16:00:02-ArithmaticApp-DEBUG-Adding 5 and 3 to get 8
2025-11-27 16:00:02-ArithmaticApp-DEBUG-Dividing 10 by 1 to get 10.0
2025-11-27 16:00:02-ArithmaticApp-DEBUG-Multiplying 4 and 2 to get 8
2025-11-27 16:00:02-ArithmaticApp-ERROR-Error in subtraction: Result is negative
2025-11-27 16:01:16-ArithmaticApp-DEBUG-Adding 5 and 3 to get 8
2025-11-27 16:01:16-ArithmaticApp-DEBUG-Dividing 10 by 1 to get 10.0
2025-11-27 16:01:16-ArithmaticApp-DEBUG-Multiplying 4 and 2 to get 8
2025-11-27 16:01:16-ArithmaticApp-ERROR-Error in subtraction: Result is negative
2025-11-27 16:01:17-root-DEBUG-This is a debug message with custom format
2025-11-27 16:01:17-root-INFO-This is an info message
2025-11-27 16:01:17-root-WARNING-This is a warning message
2025-11-27 16:01:17-root-ERROR-This is an error message
2025-11-27 16:01:17-root-CRITICAL-This is a critical message
2025-11-27 16:01:17-module1-DEBUG-Debug message from module1
2025-11-27 16:01:17-module1-INFO-Info message from module1
2025-11-27 16:01:17-module2-WARNING-Warning message from module2
2025-11-27 16:01:17-module2-ERROR-Error message from module2
2025-11-27 16:01:17-ArithmaticApp-DEBUG-Adding 5 and 3 to get 8
2025-11-27 16:01:17-ArithmaticApp-DEBUG-Dividing 10 by 1 to get 10.0
2025-11-27 16:01:17-ArithmaticApp-DEBUG-Multiplying 4 and 2 to get 8
2025-11-27 16:01:17-ArithmaticApp-ERROR-Error in subtraction: Result is negative
